// Vitest Snapshot v1, https://vitest.dev/guide/snapshot.html

exports[`test prettier 1`] = `
"//格式故意搞乱，不对齐！
function uglyCode() {
    console.log('this is an ugly function!');
}
"
`;
